Microsoft (R) Macro Assembler Version 6.11		    09/14/26 22:53:04
C:\IDEARM-FIXTURE\S\HELLO.ASM  Page 1 - 1


				; HELLO.ASM - valid reference program
				.MODEL small
				.STACK 100h

 0000				.DATA
 0000 48 65 6C 6C 6F 20		message DB 'Hello World', 13, 10, '$'
       57 6F 72 6C 64 0D
       0A 24

 0000				.CODE
 0000				main PROC
 0000  B8 ---- R		    mov ax, @DATA
 0003  8E D8			    mov ds, ax
 0005  BA 0000 R		    mov dx, OFFSET message
 0008  B4 09			    mov ah, 09h
 000A  CD 21			    int 21h
 000C  B8 4C00			    mov ax, 4C00h
 000F  CD 21			    int 21h
 0011				main ENDP
				END main
Microsoft (R) Macro Assembler Version 6.11		    09/14/26 22:53:04
C:\IDEARM-FIXTURE\S\HELLO.ASM  Symbols 2 - 1




Segments and Groups:

                N a m e                 Size     Length   Align   Combine Class

DGROUP . . . . . . . . . . . . .	GROUP
_DATA  . . . . . . . . . . . . .	16 Bit	 000E	  Word	  Public  'DATA'	
STACK  . . . . . . . . . . . . .	16 Bit	 0100	  Para	  Stack	  'STACK'	 
_TEXT  . . . . . . . . . . . . .	16 Bit	 0011	  Word	  Public  'CODE'	


Procedures,  parameters and locals:

                N a m e                 Type     Value    Attr

main . . . . . . . . . . . . . .	P Near	 0000	  _TEXT	Length= 0011 Public


Symbols:

                N a m e                 Type     Value    Attr

@CodeSize  . . . . . . . . . . .	Number	 0000h	 
@DataSize  . . . . . . . . . . .	Number	 0000h	 
@Interface . . . . . . . . . . .	Number	 0000h	 
@Model . . . . . . . . . . . . .	Number	 0002h	 
@code  . . . . . . . . . . . . .	Text   	 _TEXT
@data  . . . . . . . . . . . . .	Text   	 DGROUP
@fardata?  . . . . . . . . . . .	Text   	 FAR_BSS
@fardata . . . . . . . . . . . .	Text   	 FAR_DATA
@stack . . . . . . . . . . . . .	Text   	 DGROUP
message  . . . . . . . . . . . .	Byte	 0000	  _DATA	

	   0 Warnings
	   0 Errors
